--------------------------------------------------------------------------------
Release 13.4 Trace  (nt64)
Copyright (c) 1995-2011 Xilinx, Inc.  All rights reserved.

C:\Xilinx\13.4\ISE_DS\ISE\bin\nt64\unwrapped\trce.exe -intstyle ise -v 3 -s 5
-n 3 -fastpaths -xml ALU.twx ALU.ncd -o ALU.twr ALU.pcf

Design file:              ALU.ncd
Physical constraint file: ALU.pcf
Device,package,speed:     xc3s1200e,fg320,-5 (PRODUCTION 1.27 2012-01-07)
Report level:             verbose report

Environment Variable      Effect 
--------------------      ------ 
NONE                      No environment variables were set
--------------------------------------------------------------------------------

INFO:Timing:2698 - No timing constraints found, doing default enumeration.
INFO:Timing:3412 - To improve timing, see the Timing Closure User Guide (UG612).
INFO:Timing:2752 - To get complete path coverage, use the unconstrained paths 
   option. All paths that are not constrained will be reported in the 
   unconstrained paths section(s) of the report.
INFO:Timing:3339 - The clock-to-out numbers in this timing report are based on 
   a 50 Ohm transmission line loading model.  For the details of this model, 
   and for more information on accounting for different loading conditions, 
   please see the device datasheet.
INFO:Timing:3390 - This architecture does not support a default System Jitter 
   value, please add SYSTEM_JITTER constraint to the UCF to modify the Clock 
   Uncertainty calculation.
INFO:Timing:3389 - This architecture does not support 'Discrete Jitter' and 
   'Phase Error' calculations, these terms will be zero in the Clock 
   Uncertainty calculation.  Please make appropriate modification to 
   SYSTEM_JITTER to account for the unsupported Discrete Jitter and Phase 
   Error.



Data Sheet report:
-----------------
All values displayed in nanoseconds (ns)

Pad to Pad
---------------+---------------+---------+
Source Pad     |Destination Pad|  Delay  |
---------------+---------------+---------+
alu_mode<0>    |result<0>      |   10.154|
alu_mode<0>    |result<1>      |    9.776|
alu_mode<0>    |result<2>      |    9.850|
alu_mode<0>    |result<3>      |    9.491|
alu_mode<0>    |result<4>      |    9.531|
alu_mode<0>    |result<5>      |    9.505|
alu_mode<0>    |result<6>      |    9.154|
alu_mode<0>    |result<7>      |    9.358|
alu_mode<0>    |result<8>      |    9.020|
alu_mode<0>    |result<9>      |    9.942|
alu_mode<0>    |result<10>     |    8.078|
alu_mode<0>    |result<11>     |    9.557|
alu_mode<0>    |result<12>     |    9.742|
alu_mode<0>    |result<13>     |    9.198|
alu_mode<0>    |result<14>     |    9.273|
alu_mode<0>    |result<15>     |    9.780|
alu_mode<1>    |result<0>      |    9.168|
alu_mode<1>    |result<1>      |    9.241|
alu_mode<1>    |result<2>      |    9.024|
alu_mode<1>    |result<3>      |    8.985|
alu_mode<1>    |result<4>      |    8.874|
alu_mode<1>    |result<5>      |    9.894|
alu_mode<1>    |result<6>      |    8.483|
alu_mode<1>    |result<7>      |    9.403|
alu_mode<1>    |result<8>      |    8.944|
alu_mode<1>    |result<9>      |    9.037|
alu_mode<1>    |result<10>     |    7.924|
alu_mode<1>    |result<11>     |    7.975|
alu_mode<1>    |result<12>     |    8.056|
alu_mode<1>    |result<13>     |    7.797|
alu_mode<1>    |result<14>     |    8.611|
alu_mode<1>    |result<15>     |    8.136|
alu_mode<2>    |result<0>      |    9.539|
alu_mode<2>    |result<1>      |    9.709|
alu_mode<2>    |result<2>      |    9.784|
alu_mode<2>    |result<3>      |    9.745|
alu_mode<2>    |result<4>      |    9.634|
alu_mode<2>    |result<5>      |   10.654|
alu_mode<2>    |result<6>      |    9.243|
alu_mode<2>    |result<7>      |   10.163|
alu_mode<2>    |result<8>      |    9.704|
alu_mode<2>    |result<9>      |    9.797|
alu_mode<2>    |result<10>     |    8.684|
alu_mode<2>    |result<11>     |    8.735|
alu_mode<2>    |result<12>     |    8.816|
alu_mode<2>    |result<13>     |    8.557|
alu_mode<2>    |result<14>     |    9.371|
alu_mode<2>    |result<15>     |    8.896|
in1<0>         |result<0>      |   16.518|
in1<0>         |result<1>      |   15.458|
in1<0>         |result<2>      |   15.034|
in1<0>         |result<3>      |   15.101|
in1<0>         |result<4>      |   14.931|
in1<0>         |result<5>      |   15.610|
in1<0>         |result<6>      |   15.564|
in1<0>         |result<7>      |   15.717|
in1<0>         |result<8>      |   15.653|
in1<0>         |result<9>      |   15.577|
in1<0>         |result<10>     |   14.856|
in1<0>         |result<11>     |   15.854|
in1<0>         |result<12>     |   15.683|
in1<0>         |result<13>     |   15.114|
in1<0>         |result<14>     |   15.377|
in1<0>         |result<15>     |   15.327|
in1<1>         |result<1>      |   15.114|
in1<1>         |result<2>      |   14.690|
in1<1>         |result<3>      |   14.757|
in1<1>         |result<4>      |   14.587|
in1<1>         |result<5>      |   15.266|
in1<1>         |result<6>      |   15.220|
in1<1>         |result<7>      |   15.373|
in1<1>         |result<8>      |   15.309|
in1<1>         |result<9>      |   15.233|
in1<1>         |result<10>     |   14.512|
in1<1>         |result<11>     |   15.510|
in1<1>         |result<12>     |   15.339|
in1<1>         |result<13>     |   14.770|
in1<1>         |result<14>     |   15.033|
in1<1>         |result<15>     |   14.983|
in1<2>         |result<2>      |   14.727|
in1<2>         |result<3>      |   14.794|
in1<2>         |result<4>      |   14.624|
in1<2>         |result<5>      |   15.303|
in1<2>         |result<6>      |   15.257|
in1<2>         |result<7>      |   15.410|
in1<2>         |result<8>      |   15.346|
in1<2>         |result<9>      |   15.270|
in1<2>         |result<10>     |   14.549|
in1<2>         |result<11>     |   15.547|
in1<2>         |result<12>     |   15.376|
in1<2>         |result<13>     |   14.807|
in1<2>         |result<14>     |   15.070|
in1<2>         |result<15>     |   15.020|
in1<3>         |result<3>      |   14.385|
in1<3>         |result<4>      |   14.215|
in1<3>         |result<5>      |   14.894|
in1<3>         |result<6>      |   14.848|
in1<3>         |result<7>      |   15.001|
in1<3>         |result<8>      |   14.937|
in1<3>         |result<9>      |   14.861|
in1<3>         |result<10>     |   14.140|
in1<3>         |result<11>     |   15.138|
in1<3>         |result<12>     |   14.967|
in1<3>         |result<13>     |   14.398|
in1<3>         |result<14>     |   14.661|
in1<3>         |result<15>     |   14.611|
in1<4>         |result<4>      |   14.025|
in1<4>         |result<5>      |   14.704|
in1<4>         |result<6>      |   14.658|
in1<4>         |result<7>      |   14.811|
in1<4>         |result<8>      |   14.747|
in1<4>         |result<9>      |   14.671|
in1<4>         |result<10>     |   13.950|
in1<4>         |result<11>     |   14.948|
in1<4>         |result<12>     |   14.777|
in1<4>         |result<13>     |   14.208|
in1<4>         |result<14>     |   14.471|
in1<4>         |result<15>     |   14.421|
in1<5>         |result<5>      |   14.968|
in1<5>         |result<6>      |   14.922|
in1<5>         |result<7>      |   15.075|
in1<5>         |result<8>      |   15.011|
in1<5>         |result<9>      |   14.935|
in1<5>         |result<10>     |   14.214|
in1<5>         |result<11>     |   15.212|
in1<5>         |result<12>     |   15.041|
in1<5>         |result<13>     |   14.472|
in1<5>         |result<14>     |   14.735|
in1<5>         |result<15>     |   14.685|
in1<6>         |result<6>      |   15.196|
in1<6>         |result<7>      |   15.349|
in1<6>         |result<8>      |   15.285|
in1<6>         |result<9>      |   15.209|
in1<6>         |result<10>     |   14.488|
in1<6>         |result<11>     |   15.486|
in1<6>         |result<12>     |   15.315|
in1<6>         |result<13>     |   14.746|
in1<6>         |result<14>     |   15.009|
in1<6>         |result<15>     |   14.959|
in1<7>         |result<7>      |   15.906|
in1<7>         |result<8>      |   15.842|
in1<7>         |result<9>      |   15.766|
in1<7>         |result<10>     |   15.045|
in1<7>         |result<11>     |   16.043|
in1<7>         |result<12>     |   15.872|
in1<7>         |result<13>     |   15.303|
in1<7>         |result<14>     |   15.566|
in1<7>         |result<15>     |   15.516|
in1<8>         |result<8>      |   16.579|
in1<8>         |result<9>      |   16.503|
in1<8>         |result<10>     |   15.782|
in1<8>         |result<11>     |   16.780|
in1<8>         |result<12>     |   16.609|
in1<8>         |result<13>     |   16.040|
in1<8>         |result<14>     |   16.303|
in1<8>         |result<15>     |   16.253|
in1<9>         |result<9>      |   13.582|
in1<9>         |result<10>     |   12.861|
in1<9>         |result<11>     |   13.859|
in1<9>         |result<12>     |   13.688|
in1<9>         |result<13>     |   13.119|
in1<9>         |result<14>     |   13.382|
in1<9>         |result<15>     |   13.332|
in1<10>        |result<10>     |   13.524|
in1<10>        |result<11>     |   14.522|
in1<10>        |result<12>     |   14.351|
in1<10>        |result<13>     |   13.782|
in1<10>        |result<14>     |   14.045|
in1<10>        |result<15>     |   13.995|
in1<11>        |result<11>     |   14.354|
in1<11>        |result<12>     |   14.183|
in1<11>        |result<13>     |   13.614|
in1<11>        |result<14>     |   13.877|
in1<11>        |result<15>     |   13.827|
in1<12>        |result<12>     |   14.732|
in1<12>        |result<13>     |   14.163|
in1<12>        |result<14>     |   14.426|
in1<12>        |result<15>     |   14.376|
in1<13>        |result<13>     |   13.609|
in1<13>        |result<14>     |   13.872|
in1<13>        |result<15>     |   13.822|
in1<14>        |result<14>     |   14.230|
in1<14>        |result<15>     |   14.180|
in1<15>        |result<15>     |   14.035|
in2<0>         |result<0>      |   16.471|
in2<0>         |result<1>      |   15.411|
in2<0>         |result<2>      |   14.987|
in2<0>         |result<3>      |   15.054|
in2<0>         |result<4>      |   14.884|
in2<0>         |result<5>      |   15.563|
in2<0>         |result<6>      |   15.517|
in2<0>         |result<7>      |   15.670|
in2<0>         |result<8>      |   15.606|
in2<0>         |result<9>      |   15.530|
in2<0>         |result<10>     |   14.809|
in2<0>         |result<11>     |   15.807|
in2<0>         |result<12>     |   15.636|
in2<0>         |result<13>     |   15.067|
in2<0>         |result<14>     |   15.330|
in2<0>         |result<15>     |   15.280|
in2<1>         |result<0>      |   10.197|
in2<1>         |result<1>      |   12.797|
in2<1>         |result<2>      |   12.373|
in2<1>         |result<3>      |   12.440|
in2<1>         |result<4>      |   12.270|
in2<1>         |result<5>      |   12.949|
in2<1>         |result<6>      |   12.903|
in2<1>         |result<7>      |   13.056|
in2<1>         |result<8>      |   12.992|
in2<1>         |result<9>      |   12.916|
in2<1>         |result<10>     |   12.195|
in2<1>         |result<11>     |   13.193|
in2<1>         |result<12>     |   13.022|
in2<1>         |result<13>     |   12.453|
in2<1>         |result<14>     |   12.716|
in2<1>         |result<15>     |   12.666|
in2<2>         |result<0>      |    9.408|
in2<2>         |result<1>      |    9.608|
in2<2>         |result<2>      |   12.904|
in2<2>         |result<3>      |   12.971|
in2<2>         |result<4>      |   12.801|
in2<2>         |result<5>      |   13.480|
in2<2>         |result<6>      |   13.434|
in2<2>         |result<7>      |   13.587|
in2<2>         |result<8>      |   13.523|
in2<2>         |result<9>      |   13.447|
in2<2>         |result<10>     |   12.726|
in2<2>         |result<11>     |   13.724|
in2<2>         |result<12>     |   13.553|
in2<2>         |result<13>     |   12.984|
in2<2>         |result<14>     |   13.247|
in2<2>         |result<15>     |   13.197|
in2<3>         |result<0>      |   10.194|
in2<3>         |result<1>      |    9.108|
in2<3>         |result<2>      |   10.730|
in2<3>         |result<3>      |   13.870|
in2<3>         |result<4>      |   13.700|
in2<3>         |result<5>      |   14.379|
in2<3>         |result<6>      |   14.333|
in2<3>         |result<7>      |   14.486|
in2<3>         |result<8>      |   14.422|
in2<3>         |result<9>      |   14.346|
in2<3>         |result<10>     |   13.625|
in2<3>         |result<11>     |   14.623|
in2<3>         |result<12>     |   14.452|
in2<3>         |result<13>     |   13.883|
in2<3>         |result<14>     |   14.146|
in2<3>         |result<15>     |   14.096|
in2<4>         |result<4>      |   12.731|
in2<4>         |result<5>      |   13.410|
in2<4>         |result<6>      |   13.364|
in2<4>         |result<7>      |   13.517|
in2<4>         |result<8>      |   13.453|
in2<4>         |result<9>      |   13.377|
in2<4>         |result<10>     |   12.656|
in2<4>         |result<11>     |   13.654|
in2<4>         |result<12>     |   13.483|
in2<4>         |result<13>     |   12.914|
in2<4>         |result<14>     |   13.177|
in2<4>         |result<15>     |   13.127|
in2<5>         |result<5>      |   13.035|
in2<5>         |result<6>      |   12.989|
in2<5>         |result<7>      |   13.142|
in2<5>         |result<8>      |   13.078|
in2<5>         |result<9>      |   13.002|
in2<5>         |result<10>     |   12.281|
in2<5>         |result<11>     |   13.279|
in2<5>         |result<12>     |   13.108|
in2<5>         |result<13>     |   12.539|
in2<5>         |result<14>     |   12.802|
in2<5>         |result<15>     |   12.752|
in2<6>         |result<6>      |   13.160|
in2<6>         |result<7>      |   13.313|
in2<6>         |result<8>      |   13.249|
in2<6>         |result<9>      |   13.173|
in2<6>         |result<10>     |   12.452|
in2<6>         |result<11>     |   13.450|
in2<6>         |result<12>     |   13.279|
in2<6>         |result<13>     |   12.710|
in2<6>         |result<14>     |   12.973|
in2<6>         |result<15>     |   12.923|
in2<7>         |result<7>      |   13.441|
in2<7>         |result<8>      |   13.377|
in2<7>         |result<9>      |   13.301|
in2<7>         |result<10>     |   12.580|
in2<7>         |result<11>     |   13.578|
in2<7>         |result<12>     |   13.407|
in2<7>         |result<13>     |   12.838|
in2<7>         |result<14>     |   13.101|
in2<7>         |result<15>     |   13.051|
in2<8>         |result<8>      |   13.376|
in2<8>         |result<9>      |   13.300|
in2<8>         |result<10>     |   12.579|
in2<8>         |result<11>     |   13.577|
in2<8>         |result<12>     |   13.406|
in2<8>         |result<13>     |   12.837|
in2<8>         |result<14>     |   13.100|
in2<8>         |result<15>     |   13.050|
in2<9>         |result<9>      |   14.428|
in2<9>         |result<10>     |   13.707|
in2<9>         |result<11>     |   14.705|
in2<9>         |result<12>     |   14.534|
in2<9>         |result<13>     |   13.965|
in2<9>         |result<14>     |   14.228|
in2<9>         |result<15>     |   14.178|
in2<10>        |result<10>     |   12.205|
in2<10>        |result<11>     |   13.203|
in2<10>        |result<12>     |   13.032|
in2<10>        |result<13>     |   12.463|
in2<10>        |result<14>     |   12.726|
in2<10>        |result<15>     |   12.676|
in2<11>        |result<11>     |   13.885|
in2<11>        |result<12>     |   13.714|
in2<11>        |result<13>     |   13.145|
in2<11>        |result<14>     |   13.408|
in2<11>        |result<15>     |   13.358|
in2<12>        |result<12>     |   13.109|
in2<12>        |result<13>     |   12.540|
in2<12>        |result<14>     |   12.803|
in2<12>        |result<15>     |   12.753|
in2<13>        |result<13>     |   13.145|
in2<13>        |result<14>     |   13.408|
in2<13>        |result<15>     |   13.358|
in2<14>        |result<14>     |   13.296|
in2<14>        |result<15>     |   13.246|
in2<15>        |result<15>     |   13.503|
---------------+---------------+---------+


Analysis completed Tue Feb 13 15:23:30 2018 
--------------------------------------------------------------------------------

Trace Settings:
-------------------------
Trace Settings 

Peak Memory Usage: 174 MB



