AR barrel_shift_left behavioral C:/Users/lymacasm/RegFile_ALU/Barrel_Shift_Left.vhd sub00/vhpl15 1518060319
AR mux2_1 behavioral C:/Users/lymacasm/RegFile_ALU/MUX2.vhd sub00/vhpl13 1518060315
PB mux mux C:/Users/lymacasm/RegFile_ALU/MUX.vhd sub00/vhpl05 1518060317
AR mux2_8 behavioral C:/Users/lymacasm/RegFile_ALU/MUX2.vhd sub00/vhpl07 1518060309
AR mux2_4 behavioral C:/Users/lymacasm/RegFile_ALU/MUX2.vhd sub00/vhpl09 1518060311
AR mux2_2 behavioral C:/Users/lymacasm/RegFile_ALU/MUX2.vhd sub00/vhpl11 1518060313
EN mux2_1 NULL C:/Users/lymacasm/RegFile_ALU/MUX2.vhd sub00/vhpl12 1518060314
EN mux2_2 NULL C:/Users/lymacasm/RegFile_ALU/MUX2.vhd sub00/vhpl10 1518060312
EN mux2_4 NULL C:/Users/lymacasm/RegFile_ALU/MUX2.vhd sub00/vhpl08 1518060310
EN mux2_8 NULL C:/Users/lymacasm/RegFile_ALU/MUX2.vhd sub00/vhpl06 1518060308
PH mux NULL C:/Users/lymacasm/RegFile_ALU/MUX.vhd sub00/vhpl04 1518060316
AR alu behavioral C:/Users/lymacasm/RegFile_ALU/ALU.vhd sub00/vhpl01 1518060321
PH mux16 NULL C:/Users/lymacasm/RegFile_ALU/MUX16.vhd sub00/vhpl02 1518045497
PB mux16 mux16 C:/Users/lymacasm/RegFile_ALU/MUX16.vhd sub00/vhpl03 1518045498
EN barrel_shift_left NULL C:/Users/lymacasm/RegFile_ALU/Barrel_Shift_Left.vhd sub00/vhpl14 1518060318
EN alu NULL C:/Users/lymacasm/RegFile_ALU/ALU.vhd sub00/vhpl00 1518060320
