AR barrel_shift_left behavioral C:/Users/lymacasm/RegFile_ALU/Barrel_Shift_Left.vhd sub00/vhpl15 1518060319
AR mux2_1 behavioral C:/Users/gmpgreen/CENG450_Project/MUX2.vhd sub00/vhpl13 1518575629
EN barrel_shift_right NULL C:/Users/gmpgreen/CENG450_Project/Barrel_Shift_Right.vhd sub00/vhpl16 1518575630
PB mux mux C:/Users/lymacasm/RegFile_ALU/MUX.vhd sub00/vhpl05 1518060317
AR barrel_shift_right behavioral C:/Users/gmpgreen/CENG450_Project/Barrel_Shift_Right.vhd sub00/vhpl17 1518575631
AR mux2_8 behavioral C:/Users/gmpgreen/CENG450_Project/MUX2.vhd sub00/vhpl07 1518575623
AR mux2_4 behavioral C:/Users/gmpgreen/CENG450_Project/MUX2.vhd sub00/vhpl09 1518575625
AR mux2_2 behavioral C:/Users/gmpgreen/CENG450_Project/MUX2.vhd sub00/vhpl11 1518575627
EN mux2_1 NULL C:/Users/gmpgreen/CENG450_Project/MUX2.vhd sub00/vhpl12 1518575628
EN mux2_2 NULL C:/Users/gmpgreen/CENG450_Project/MUX2.vhd sub00/vhpl10 1518575626
EN mux2_4 NULL C:/Users/gmpgreen/CENG450_Project/MUX2.vhd sub00/vhpl08 1518575624
EN mux2_8 NULL C:/Users/gmpgreen/CENG450_Project/MUX2.vhd sub00/vhpl06 1518575622
PH mux NULL C:/Users/lymacasm/RegFile_ALU/MUX.vhd sub00/vhpl04 1518060316
AR alu behavioral C:/Users/lymacasm/RegFile_ALU/ALU.vhd sub00/vhpl01 1518060321
PH mux16 NULL C:/Users/lymacasm/RegFile_ALU/MUX16.vhd sub00/vhpl02 1518045497
PB mux16 mux16 C:/Users/lymacasm/RegFile_ALU/MUX16.vhd sub00/vhpl03 1518045498
EN barrel_shift_left NULL C:/Users/lymacasm/RegFile_ALU/Barrel_Shift_Left.vhd sub00/vhpl14 1518060318
EN alu NULL C:/Users/lymacasm/RegFile_ALU/ALU.vhd sub00/vhpl00 1518060320
