EN adder_7bit NULL C:/Users/lymacasm/CENG450_Project/Adder_7bit.vhd sub00/vhpl24 1518581233
AR adder_7bit behavioral C:/Users/lymacasm/CENG450_Project/Adder_7bit.vhd sub00/vhpl25 1518581234
EN adder NULL C:/Users/lymacasm/CENG450_Project/Adder.vhd sub00/vhpl22 1518569728
AR barrel_shift_left behavioral C:/Users/lymacasm/CENG450_Project/Barrel_Shift_Left.vhd sub00/vhpl15 1518581226
AR mux2_1 behavioral C:/Users/lymacasm/CENG450_Project/MUX2.vhd sub00/vhpl13 1518581222
EN rom NULL C:/Users/lymacasm/CENG450_Project/ROM.vhd sub00/vhpl20 1518581231
AR rom behavioral C:/Users/lymacasm/CENG450_Project/ROM.vhd sub00/vhpl21 1518581232
PB mux mux C:/Users/lymacasm/CENG450_Project/MUX.vhd sub00/vhpl05 1518581224
AR mux2_8 behavioral C:/Users/lymacasm/CENG450_Project/MUX2.vhd sub00/vhpl07 1518581216
AR register_file behavioural C:/Users/lymacasm/CENG450_Project/Register_File.vhd sub00/vhpl17 1518581228
AR mux2_4 behavioral C:/Users/lymacasm/CENG450_Project/MUX2.vhd sub00/vhpl09 1518581218
EN simple_controller NULL C:/Users/lymacasm/CENG450_Project/Simple_Controller.vhd sub00/vhpl18 1518581235
AR mux2_2 behavioral C:/Users/lymacasm/CENG450_Project/MUX2.vhd sub00/vhpl11 1518581220
AR simple_controller behavioral C:/Users/lymacasm/CENG450_Project/Simple_Controller.vhd sub00/vhpl19 1518581236
EN register_file NULL C:/Users/lymacasm/CENG450_Project/Register_File.vhd sub00/vhpl16 1518581227
EN mux2_1 NULL C:/Users/lymacasm/CENG450_Project/MUX2.vhd sub00/vhpl12 1518581221
EN mux2_2 NULL C:/Users/lymacasm/CENG450_Project/MUX2.vhd sub00/vhpl10 1518581219
EN mux2_4 NULL C:/Users/lymacasm/CENG450_Project/MUX2.vhd sub00/vhpl08 1518581217
EN mux2_8 NULL C:/Users/lymacasm/CENG450_Project/MUX2.vhd sub00/vhpl06 1518581215
PH mux NULL C:/Users/lymacasm/CENG450_Project/MUX.vhd sub00/vhpl04 1518581223
AR adder behavioral C:/Users/lymacasm/CENG450_Project/Adder.vhd sub00/vhpl23 1518569729
AR alu behavioral C:/Users/lymacasm/CENG450_Project/ALU.vhd sub00/vhpl01 1518581230
PH mux16 NULL C:/Users/lymacasm/RegFile_ALU/MUX16.vhd sub00/vhpl02 1518045497
PB mux16 mux16 C:/Users/lymacasm/RegFile_ALU/MUX16.vhd sub00/vhpl03 1518045498
EN barrel_shift_left NULL C:/Users/lymacasm/CENG450_Project/Barrel_Shift_Left.vhd sub00/vhpl14 1518581225
EN alu NULL C:/Users/lymacasm/CENG450_Project/ALU.vhd sub00/vhpl00 1518581229
