V3 49
FL C:/Users/lymacasm/CENG450_Project/Adder.vhd 2018/02/13.16:57:05 O.87xd
AR work/Adder/Behavioral 1518569729 \
      FL C:/Users/lymacasm/CENG450_Project/Adder.vhd EN work/Adder 1518569728
FL C:/Users/lymacasm/CENG450_Project/Adder_7bit.vhd 2018/02/13.16:57:05 O.87xd
EN work/Adder_7bit 1518581233 FL C:/Users/lymacasm/CENG450_Project/Adder_7bit.vhd \
      PB ieee/std_logic_1164 1325952872 PB ieee/NUMERIC_STD 1325952877
AR work/Adder_7bit/Behavioral 1518581234 \
      FL C:/Users/lymacasm/CENG450_Project/Adder_7bit.vhd EN work/Adder_7bit 1518581233
FL C:/Users/lymacasm/CENG450_Project/ALU.vhd 2018/02/13.15:18:17 O.87xd
EN work/ALU 1518581229 FL C:/Users/lymacasm/CENG450_Project/ALU.vhd \
      PB ieee/std_logic_1164 1325952872 PB work/MUX 1518581224 PB ieee/NUMERIC_STD 1325952877
AR work/ALU/Behavioral 1518581230 \
      FL C:/Users/lymacasm/CENG450_Project/ALU.vhd EN work/ALU 1518581229 \
      CP work/barrel_shift_left
FL C:/Users/lymacasm/CENG450_Project/Barrel_Shift_Left.vhd 2018/02/13.15:18:17 O.87xd
EN work/Barrel_Shift_Left 1518581225 \
      FL C:/Users/lymacasm/CENG450_Project/Barrel_Shift_Left.vhd \
      PB ieee/std_logic_1164 1325952872
AR work/Barrel_Shift_Left/Behavioral 1518581226 \
      FL C:/Users/lymacasm/CENG450_Project/Barrel_Shift_Left.vhd \
      EN work/Barrel_Shift_Left 1518581225 CP work/mux2_8 CP work/mux2_4 \
      CP work/mux2_2 CP work/mux2_1
FL C:/Users/lymacasm/CENG450_Project/MUX.vhd 2018/02/13.15:18:17 O.87xd
PH work/MUX 1518581223 FL C:/Users/lymacasm/CENG450_Project/MUX.vhd \
      PB ieee/std_logic_1164 1325952872
PB work/MUX 1518581224 \
      FL C:/Users/lymacasm/CENG450_Project/MUX.vhd PH work/MUX 1518581223
FL C:/Users/lymacasm/CENG450_Project/MUX2.vhd 2018/02/13.15:18:17 O.87xd
EN work/MUX2_8 1518581215 FL C:/Users/lymacasm/CENG450_Project/MUX2.vhd \
      PB ieee/std_logic_1164 1325952872
AR work/MUX2_8/Behavioral 1518581216 \
      FL C:/Users/lymacasm/CENG450_Project/MUX2.vhd EN work/MUX2_8 1518581215
EN work/MUX2_4 1518581217 \
      FL C:/Users/lymacasm/CENG450_Project/MUX2.vhd PB ieee/std_logic_1164 1325952872
AR work/MUX2_4/Behavioral 1518581218 \
      FL C:/Users/lymacasm/CENG450_Project/MUX2.vhd EN work/MUX2_4 1518581217
EN work/MUX2_2 1518581219 \
      FL C:/Users/lymacasm/CENG450_Project/MUX2.vhd PB ieee/std_logic_1164 1325952872
AR work/MUX2_2/Behavioral 1518581220 \
      FL C:/Users/lymacasm/CENG450_Project/MUX2.vhd EN work/MUX2_2 1518581219
EN work/MUX2_1 1518581221 \
      FL C:/Users/lymacasm/CENG450_Project/MUX2.vhd PB ieee/std_logic_1164 1325952872
AR work/MUX2_1/Behavioral 1518581222 \
      FL C:/Users/lymacasm/CENG450_Project/MUX2.vhd EN work/MUX2_1 1518581221
FL C:/Users/lymacasm/CENG450_Project/Register_File.vhd 2018/02/13.18:12:45 O.87xd
EN work/register_file 1518581227 \
      FL C:/Users/lymacasm/CENG450_Project/Register_File.vhd \
      PB ieee/std_logic_1164 1325952872 PB ieee/STD_LOGIC_UNSIGNED 1325952875
AR work/register_file/behavioural 1518581228 \
      FL C:/Users/lymacasm/CENG450_Project/Register_File.vhd \
      EN work/register_file 1518581227
FL C:/Users/lymacasm/CENG450_Project/ROM.vhd 2018/02/13.19:12:23 O.87xd
EN work/ROM 1518581231 FL C:/Users/lymacasm/CENG450_Project/ROM.vhd \
      PB ieee/std_logic_1164 1325952872 PB ieee/std_logic_arith 1325952873
AR work/ROM/Behavioral 1518581232 \
      FL C:/Users/lymacasm/CENG450_Project/ROM.vhd EN work/ROM 1518581231
FL C:/Users/lymacasm/CENG450_Project/Simple_Controller.vhd 2018/02/13.20:06:35 O.87xd
EN work/Simple_Controller 1518581235 \
      FL C:/Users/lymacasm/CENG450_Project/Simple_Controller.vhd \
      PB ieee/std_logic_1164 1325952872
AR work/Simple_Controller/Behavioral 1518581236 \
      FL C:/Users/lymacasm/CENG450_Project/Simple_Controller.vhd \
      EN work/Simple_Controller 1518581235 CP work/register_file CP work/alu \
      CP work/rom CP work/adder_7bit
FL C:/Users/lymacasm/RegFile_ALU/ALU.vhd 2018/02/07.19:15:38 O.87xd
FL C:/Users/lymacasm/RegFile_ALU/Barrel_Shift_Left.vhd 2018/02/07.19:24:31 O.87xd
FL C:/Users/lymacasm/RegFile_ALU/MUX.vhd 2018/02/07.17:25:18 O.87xd
FL C:/Users/lymacasm/RegFile_ALU/MUX16.vhd 2018/02/07.15:15:10 O.87xd
PH work/MUX16 1518045497 FL C:/Users/lymacasm/RegFile_ALU/MUX16.vhd \
      PB ieee/std_logic_1164 1325952872
PB work/MUX16 1518045498 \
      FL C:/Users/lymacasm/RegFile_ALU/MUX16.vhd PH work/MUX16 1518045497
FL C:/Users/lymacasm/RegFile_ALU/MUX2.vhd 2018/02/07.18:02:34 O.87xd
